[magic-cv-soratemplates.blogspot.com/index.html]
[backblue.gif]
[fade.gif]
[index.html]
[magic-cv-soratemplates.blogspot.com/favicon.ico]
[magic-cv-soratemplates.blogspot.com/feeds/posts/default]
[magic-cv-soratemplates.blogspot.com/feeds/posts/default9522]
[blogger.googleusercontent.com/img/b/R29vZ2xl/AVvXsEjx6pOoznxp-NOzz2zMaVppGarOEOrrHI2AA_u53mz/s16000/1.jpg]
[cdnjs.cloudflare.com/ajax/libs/font-awesome/6.4.2/css/all.min.css]
[blogger.googleusercontent.com/img/b/R29vZ2xl/AVvXsEhs2ugQTPrOt-3GsJ1HbpUzYsnCn-PJdqo7x-18WOWNayUvslERVX63k91ZmC3_GRitNIt_aXg1ZB8N-R6j2_WphVjaD8R8fY88qJBLquD-usjbKlSMWwB5MS_C_Lxb14pYscJgqUc_Ubg/w680/nth.png]
[blogger.googleusercontent.com/img/b/R29vZ2xl/AVvXsEg5QytsGLMW2c1xw1EtXS5BbVRpaf2J17duxjARfQQy_Mj5TuLYu5GCTXKLqBODRVleZFWGcCHy4RzsLVH0xru7_lQRnenrVxIdCkXt1LTPERc6bZPd2GWyv2ajmRsUYQXoThsqLrY-fZw/s280/13.jpg]
[blogger.googleusercontent.com/img/b/R29vZ2xl/AVvXsEhdli04_Giw1L4EQQ_HIYTMEX-v4z6A5nfkxGlzmwXhH-DQLoFzy7j-C5ac3i9tb9qvGmXa81VjAaAhAxelgonZx2qw8cDY_dgvjWVCeulm4lm-vsfveFMGbMHFCk4RMfkCs5g5-EJHTks/s280/11.jpg]
[blogger.googleusercontent.com/img/b/R29vZ2xl/AVvXsEhDRRNo4UrtZUDY0qclNw3WPoaeyv6TK3yp-F_HzZMsysbmLsAd3sbc_cq_hCUMgCbyoTmamg1SWBU8Q1ufBsVgx_Gj1gjNcO5-f_0B-zXj6UfEAPmFFcq-k2zOt4ts-jGvN54xNUGwpRp8/s280/6.jpg]
[blogger.googleusercontent.com/img/b/R29vZ2xl/AVvXsEgqTEMi_J_HJe2TGbwlA5MXKho_VkuKQ_LUNPE7JrXVGIpAkHh-6hsuBK2p2cOjcveElF0WX65dhX0XW0NSkVENwNcyXf3i1e_AnOW7I5eRW-bpZolwKNU5QxiVSass68aJIlrIrwMtP0A/w280/glo3.jpg]
[blogger.googleusercontent.com/img/b/R29vZ2xl/AVvXsEgxlBTIPV2S5oIeM8jq1x1M3LcblhXfOjJnojxF_xH/s1600/1.png]
[blogger.googleusercontent.com/img/b/R29vZ2xl/AVvXsEhe_O1FcjIIiHaZUmpppetgJArYtcQX5q1CaWCzRuo/s1600/2.png]
[blogger.googleusercontent.com/img/b/R29vZ2xl/AVvXsEgKp2JUFiCR71SvGi8DrKQhL2UCXYLGXRzho4NeusY/s1600/3.png]
[blogger.googleusercontent.com/img/b/R29vZ2xl/AVvXsEgcL6BuRR3LMyPqybS3Ju2zGIQQocDN23EWt18V6dn/s1600/4.png]
[blogger.googleusercontent.com/img/b/R29vZ2xl/AVvXsEj8MOuP7jlpyS0ESXyahxS6Tt3G1DvWlw4giR8Ox-l/s1600/5.png]
[blogger.googleusercontent.com/img/b/R29vZ2xl/AVvXsEiTNUKERt3_YtVTTnqzdaq_EhN8MsEwg-nj-uVjA9a/s1600/6.png]
[blogger.googleusercontent.com/img/b/R29vZ2xl/AVvXsEiESApN9r_5vTwCtW50GC3hEOh8gP6JU6Fr6HGcTUx/s1600/7.png]
[blogger.googleusercontent.com/img/b/R29vZ2xl/AVvXsEhzF2Uj8Zi82yhQReLEtQ5-ltI41zASHHTDPJbNyHi/s1600/8.png]
[magic-cv-soratemplates.blogspot.com/2018/05/winter-in-black-white-mood.html]
[blogger.googleusercontent.com/img/b/R29vZ2xl/AVvXsEjzdnlbyeIZEfYFqWN13nPZzc-CCtHhK_4aYN8xSdf/w72-h72-p-k-no-nu/7.jpg]
[magic-cv-soratemplates.blogspot.com/search.html]
[magic-cv-soratemplates.blogspot.com/2018/05/drifting-apart-growing-happy.html]
[blogger.googleusercontent.com/img/b/R29vZ2xl/AVvXsEjx6pOoznxp-NOzz2zMaVppGarOEOrrHI2AA_u53mz/w72-h72-p-k-no-nu/1.jpg]
[magic-cv-soratemplates.blogspot.com/2018/05/taking-over-street-fashion.html]
[blogger.googleusercontent.com/img/b/R29vZ2xl/AVvXsEh8CQggfyAvI5oi-GLuuFeOFE94P7Zuew6iCs71luT/w72-h72-p-k-no-nu/2.jpg]
[magic-cv-soratemplates.blogspot.com/2018/05/knowledge-beauty.html]
[blogger.googleusercontent.com/img/b/R29vZ2xl/AVvXsEgc-zmoUj-8uXUF3iDNDfZQgRZoQxAkOBIsa7isc9K/w72-h72-p-k-no-nu/3.jpg]
[magic-cv-soratemplates.blogspot.com/2018/05/lifestyle-apps-widgets.html]
[blogger.googleusercontent.com/img/b/R29vZ2xl/AVvXsEjHVjFHbSkdK7EmcOuLm5bNJDqoQKiIfhZsdnP1I_I/w72-h72-p-k-no-nu/4.jpg]
[magic-cv-soratemplates.blogspot.com/2018/05/spirit-of-adventure-rises.html]
[blogger.googleusercontent.com/img/b/R29vZ2xl/AVvXsEh3lhO-ImKXIyN7IO-7xyK3ZAsh0MbwjYnT9MSQhOV/w72-h72-p-k-no-nu/5.jpg]
[magic-cv-soratemplates.blogspot.com/2018/05/work-smart-play-hard.html]
[blogger.googleusercontent.com/img/b/R29vZ2xl/AVvXsEjCFpMMhggT95jZC6oGPqdE0ZDgzTYFA1_1wtbRM_I/w72-h72-p-k-no-nu/6.jpg]
[magic-cv-soratemplates.blogspot.com/2018/05/the-secrets-of-fashion.html]
[blogger.googleusercontent.com/img/b/R29vZ2xl/AVvXsEiaoR_mAy82iKluSRQkdEY5_xJ2z4fmRMFjhBs41I_/w72-h72-p-k-no-nu/8.jpg]
[magic-cv-soratemplates.blogspot.com/search/label/Beauty.html]
[magic-cv-soratemplates.blogspot.com/search/label/Fashion.html]
[magic-cv-soratemplates.blogspot.com/p/about.html]
[ajax.googleapis.com/ajax/libs/jquery/1.12.4/jquery.min.js]
[magic-cv-soratemplates.blogspot.com/p/contact-us.html]
[connect.facebook.net/en_US/sdk.js]
[blogger.googleusercontent.com/img/b/R29vZ2xl/AVvXsEjaxZbQf-QXuTU7WMZVVNWDmpNS0ZQwa2EQqba1hiq/s72-c/540309_389242681126812_957133422_n.jpg]
[www.blogger.com/static/v1/widgets/3704019819-widgets.js]
[magic-cv-soratemplates.blogspot.com/index.html]
[cdnjs.cloudflare.com/ajax/libs/font-awesome/6.4.2/css/all.min.css]
[magic-cv-soratemplates.blogspot.com/feeds/8430792856559061260/comments/default]
[blogger.googleusercontent.com/img/b/R29vZ2xl/AVvXsEjzdnlbyeIZEfYFqWN13nPZzc-CCtHhK_4aYN8xSdf/s16000/7.jpg]
[magic-cv-soratemplates.blogspot.com/p/post-format-and-page-markup.html]
[magic-cv-soratemplates.blogspot.com/soratemplates.2f.delayed]
[magic-cv-soratemplates.blogspot.com/search/label/Trending%0Aart.html]
[magic-cv-soratemplates.blogspot.com/search/label/Advice.html]
[magic-cv-soratemplates.blogspot.com/search/label/black.html]
[magic-cv-soratemplates.blogspot.com/search/label/spirit.html]
[blogger.googleusercontent.com/img/b/R29vZ2xl/AVvXsEjDDpY9e0j9QY__PW0Pex55SbvON7MXVow21vEH9UI_qi-nSt7ZKfDdfP_gPuSHq1_JyVcPfFsmn6wq0Yh2hdSxsq6Ft2QRQdvUowy5mwC70_XTSmLo9vayd54wbFNqjA/w100/Sora Blogging Tips.jpg]
[www.blogger.com/static/v1/jsbin/2315299244-comment_from_post_iframe.js]
[magic-cv-soratemplates.blogspot.com/2018/05/winter-in-black-white-mood.html]
[magic-cv-soratemplates.blogspot.com/2018/05/it-burns-with-true-passion.html]
[blogger.googleusercontent.com/img/b/R29vZ2xl/AVvXsEj4QbOHvVQiOUqBGuU41UCqR32HsRohwec34ccXAdt/w72-h72-p-k-no-nu/10.jpg]
[magic-cv-soratemplates.blogspot.com/2018/05/victory-is-key-to-joy.html]
[blogger.googleusercontent.com/img/b/R29vZ2xl/AVvXsEgRvq-RT4Gp-3CMnJgQZexqG1i25K5Qq3tVwecjKU-/w72-h72-p-k-no-nu/11.jpg]
[magic-cv-soratemplates.blogspot.com/2018/05/the-right-tools-for-job.html]
[blogger.googleusercontent.com/img/b/R29vZ2xl/AVvXsEgLJRkUZPQBHoUKHNNRhpK8x8rj8r2nU5EYyBb9BzD/w72-h72-p-k-no-nu/12.jpg]
[magic-cv-soratemplates.blogspot.com/2018/05/toward-new-fashion.html]
[blogger.googleusercontent.com/img/b/R29vZ2xl/AVvXsEgT3Tg4I6mtOmFjR9E1Yd6dvsevZJzz5V_R--nAmow/w72-h72-p-k-no-nu/9.jpg]
[magic-cv-soratemplates.blogspot.com/search.html]
[magic-cv-soratemplates.blogspot.com/feeds/6856750093623715058/comments/default]
[blogger.googleusercontent.com/img/b/R29vZ2xl/AVvXsEjDDpY9e0j9QY__PW0Pex55SbvON7MXVow21vEH9UI_qi-nSt7ZKfDdfP_gPuSHq1_JyVcPfFsmn6wq0Yh2hdSxsq6Ft2QRQdvUowy5mwC70_XTSmLo9vayd54wbFNqjA/s45-c/Sora Blogging Tips.jpg]
[magic-cv-soratemplates.blogspot.com/2018/05/drifting-apart-growing-happy0fe2.html]
[magic-cv-soratemplates.blogspot.com/2018/05/drifting-apart-growing-happyda57.html]
[magic-cv-soratemplates.blogspot.com/2018/05/drifting-apart-growing-happyb601.html]
[magic-cv-soratemplates.blogspot.com/2018/05/drifting-apart-growing-happy.html]
[magic-cv-soratemplates.blogspot.com/2018/05/drifting-apart-growing-happy9fad.html]
[magic-cv-soratemplates.blogspot.com/feeds/4203488441162287149/comments/default]
[blogger.googleusercontent.com/img/b/R29vZ2xl/AVvXsEh8CQggfyAvI5oi-GLuuFeOFE94P7Zuew6iCs71luT/s16000/2.jpg]
[magic-cv-soratemplates.blogspot.com/search/label/woman.html]
[magic-cv-soratemplates.blogspot.com/2018/05/taking-over-street-fashion.html]
[magic-cv-soratemplates.blogspot.com/search/label/Trending.html]
[magic-cv-soratemplates.blogspot.com/feeds/228557604579499933/comments/default]
[blogger.googleusercontent.com/img/b/R29vZ2xl/AVvXsEgc-zmoUj-8uXUF3iDNDfZQgRZoQxAkOBIsa7isc9K/s16000/3.jpg]
[magic-cv-soratemplates.blogspot.com/search/label/Knowledge.html]
[magic-cv-soratemplates.blogspot.com/search/label/lifestyle.html]
[magic-cv-soratemplates.blogspot.com/search/label/living.html]
[magic-cv-soratemplates.blogspot.com/2018/05/knowledge-beauty.html]
[magic-cv-soratemplates.blogspot.com/search/label/travel.html]
[magic-cv-soratemplates.blogspot.com/feeds/7105534843732721411/comments/default]
[blogger.googleusercontent.com/img/b/R29vZ2xl/AVvXsEjHVjFHbSkdK7EmcOuLm5bNJDqoQKiIfhZsdnP1I_I/s16000/4.jpg]
[magic-cv-soratemplates.blogspot.com/2018/05/lifestyle-apps-widgets.html]
[magic-cv-soratemplates.blogspot.com/search/label/places.html]
[magic-cv-soratemplates.blogspot.com/feeds/1209793746959139941/comments/default]
[blogger.googleusercontent.com/img/b/R29vZ2xl/AVvXsEh3lhO-ImKXIyN7IO-7xyK3ZAsh0MbwjYnT9MSQhOV/s16000/5.jpg]
[magic-cv-soratemplates.blogspot.com/2018/05/spirit-of-adventure-rises.html]
[magic-cv-soratemplates.blogspot.com/feeds/7343131129072002720/comments/default]
[blogger.googleusercontent.com/img/b/R29vZ2xl/AVvXsEjCFpMMhggT95jZC6oGPqdE0ZDgzTYFA1_1wtbRM_I/s16000/6.jpg]
[magic-cv-soratemplates.blogspot.com/2018/05/work-smart-play-hard.html]
[magic-cv-soratemplates.blogspot.com/search/label/culture.html]
[magic-cv-soratemplates.blogspot.com/feeds/2427373591247649222/comments/default]
[blogger.googleusercontent.com/img/b/R29vZ2xl/AVvXsEiaoR_mAy82iKluSRQkdEY5_xJ2z4fmRMFjhBs41I_/s16000/8.jpg]
[magic-cv-soratemplates.blogspot.com/2018/05/the-secrets-of-fashion.html]
[magic-cv-soratemplates.blogspot.com/search/label/Beauty.html]
[magic-cv-soratemplates.blogspot.com/search/label/Fashion.html]
[magic-cv-soratemplates.blogspot.com/p/about.html]
[magic-cv-soratemplates.blogspot.com/p/contact-us.html]
[connect.facebook.net/en_US/sdk.js]
[www.blogger.com/dyn-css/authorization0fca.css]
[magic-cv-soratemplates.blogspot.com/p/post-format-and-page-markup.html]
[magic-cv-soratemplates.blogspot.com/soratemplates.html]
[magic-cv-soratemplates.blogspot.com/search/label/Trending%0Aart.html]
[magic-cv-soratemplates.blogspot.com/search/label/Advice.html]
[magic-cv-soratemplates.blogspot.com/search/label/black.html]
[magic-cv-soratemplates.blogspot.com/search/label/spirit.html]
[magic-cv-soratemplates.blogspot.com/feeds/5445571281237843100/comments/default]
[blogger.googleusercontent.com/img/b/R29vZ2xl/AVvXsEj4QbOHvVQiOUqBGuU41UCqR32HsRohwec34ccXAdt/s16000/10.jpg]
[magic-cv-soratemplates.blogspot.com/2018/05/it-burns-with-true-passion.html]
[magic-cv-soratemplates.blogspot.com/feeds/8232068639230171829/comments/default]
[blogger.googleusercontent.com/img/b/R29vZ2xl/AVvXsEgRvq-RT4Gp-3CMnJgQZexqG1i25K5Qq3tVwecjKU-/s16000/11.jpg]
[magic-cv-soratemplates.blogspot.com/2018/05/victory-is-key-to-joy.html]
[magic-cv-soratemplates.blogspot.com/feeds/1949287485526069094/comments/default]
[blogger.googleusercontent.com/img/b/R29vZ2xl/AVvXsEgLJRkUZPQBHoUKHNNRhpK8x8rj8r2nU5EYyBb9BzD/s16000/12.jpg]
[magic-cv-soratemplates.blogspot.com/2018/05/the-right-tools-for-job.html]
[magic-cv-soratemplates.blogspot.com/feeds/669973248095085777/comments/default]
[blogger.googleusercontent.com/img/b/R29vZ2xl/AVvXsEgT3Tg4I6mtOmFjR9E1Yd6dvsevZJzz5V_R--nAmow/s16000/9.jpg]
[magic-cv-soratemplates.blogspot.com/2018/05/toward-new-fashion.html]
[magic-cv-soratemplates.blogspot.com/2018/05/drifting-apart-growing-happy0fe2.html]
[magic-cv-soratemplates.blogspot.com/2018/05/drifting-apart-growing-happyda57.html]
[magic-cv-soratemplates.blogspot.com/2018/05/drifting-apart-growing-happyb601.html]
[magic-cv-soratemplates.blogspot.com/2018/05/drifting-apart-growing-happy9fad.html]
[magic-cv-soratemplates.blogspot.com/search/label/woman.html]
[magic-cv-soratemplates.blogspot.com/search/label/Trending.html]
[magic-cv-soratemplates.blogspot.com/search/label/Knowledge.html]
[magic-cv-soratemplates.blogspot.com/search/label/lifestyle.html]
[magic-cv-soratemplates.blogspot.com/search/label/living.html]
[magic-cv-soratemplates.blogspot.com/search/label/travel.html]
[magic-cv-soratemplates.blogspot.com/search/label/places.html]
[magic-cv-soratemplates.blogspot.com/search/label/culture.html]
[draft.blogger.com/dyn-css/authorization0fca.css]
